python : C:\Users\26308\.conda\envs\diffusers\lib\site-packages\pydantic\_internal\_generate_schema.py:2249: UnsupportedFieldAttributeWarning: The 'repr' attribute with value False was provided to the `Field()` function, which 
has no effect in the context it was used. 'repr' is field-specific metadata, and can only be attached to a model field using `Annotated` metadata or by assignment. This may have happened because an `Annotated` type alias using 
the `type` statement was used, or if the `Field()` function was attached to a single member of a union type.
所在位置 行:1 字符: 1
+ python simple_test_dataloader.py > test_output.txt 2>&1
+ ~~~~~~~~~~~~~~~~~~~~~~~~~~~~~~~~~~~~~~~~~~~~~~~~~~~~~~~
    + CategoryInfo          : NotSpecified: (C:\Users\26308\...f a union type.:String) [], RemoteException
    + FullyQualifiedErrorId : NativeCommandError
 
  warnings.warn(
C:\Users\26308\.conda\envs\diffusers\lib\site-packages\pydantic\_internal\_generate_schema.py:2249: UnsupportedFieldAttributeWarning: The 'frozen' attribute with value True was provided to the `Field()` function, which has no e
ffect in the context it was used. 'frozen' is field-specific metadata, and can only be attached to a model field using `Annotated` metadata or by assignment. This may have happened because an `Annotated` type alias using the `t
ype` statement was used, or if the `Field()` function was attached to a single member of a union type.
  warnings.warn(

==========================================================================================
DataLoader TIF Format Test
==========================================================================================

[1] Check directory structure...
Data root: D:\condsar\data
Target: D:\condsar\data\target
[OK] Target directory exists
Mask files found: 4246

[2] Analyzing sample mask file...
File: bata-explosion_00000000_building_damage.tif
  Shape: (1024, 1024)
  Dtype: uint8
  Min: 0
  Max: 1
  Unique values: [0 1]

[3] Test DisasterSARDataset...
[OK] Dataset created
Size: 0

==========================================================================================
Test Complete
==========================================================================================

